[cnp.com.co/index.html]
[backblue.gif]
[fade.gif]
[index.html]
[static.web-repository.com/scripts/platform.client.mine648.js]
[content.app-sources.com/s/09340654748078383/uploads/Images/CNP-9866106.png]
[static.web-repository.com/styles/platform.client.mine648.css]
[static.web-repository.com/t/theme25/css/trunk-1024.mine648.css]
[static.web-repository.com/t/theme25/css/trunk-768.mine648.css]
[static.web-repository.com/t/theme25/css/trunk-480.mine648.css]
[content.app-sources.com/s/09340654748078383/uploads/Images/logo_cnp_versionhorizontal-5507521accf.png]
[content.app-sources.com/s/09340654748078383/thumbnails/640x480/Images/logo_cnp_versionhorizontal-5507521accf.png]
[content.app-sources.com/s/09340654748078383/uploads/Images/businesswoman-leader-modern-office-with-businesspeople-workin-5511986accf.jpg]
[content.app-sources.com/s/09340654748078383/uploads/Images/medium-shot-team-sitting-table-5511679accf.jpg]
[content.app-sources.com/s/09340654748078383/thumbnails/640x480/Images/medium-shot-team-sitting-table-5511679accf.jpg]
[content.app-sources.com/s/09340654748078383/uploads/Images/lawyers-work-office-5437105accf.jpg]
[content.app-sources.com/s/09340654748078383/uploads/Images/close-up-mature-lawyer-holding-law-book-looking-away-courtroom-5435942accf.jpg]
[content.app-sources.com/s/09340654748078383/uploads/Images/view-3d-gavel-lawyer-s-day-5437452accf.jpg]
[content.app-sources.com/s/09340654748078383/uploads/Images/LIQ_Negro_1-1268582accf.png]
[content.app-sources.com/s/09340654748078383/thumbnails/640x480/Images/LIQ_Negro_1-1268582accf.png]
[content.app-sources.com/s/09340654748078383/uploads/Images/2_2-1268518accf.png]
[content.app-sources.com/s/09340654748078383/thumbnails/640x480/Images/2_2-1268518accf.png]
[content.app-sources.com/s/09340654748078383/uploads/Images/closeup-of-gavel-judgement-concept_1-7655220accf.jpg]
[content.app-sources.com/s/09340654748078383/uploads/Images/pexels-kampus-production-8353802-1271587accf.jpg]
[content.app-sources.com/s/09340654748078383/uploads/Images/pexels-pavel-danilyuk-8112199-0404937accf.jpg]
[content.app-sources.com/s/09340654748078383/uploads/Images/PhotoRoom_20220422_110308-0643428accf.png]
[content.app-sources.com/s/09340654748078383/uploads/Images/PhotoRoom_20220422_105352-0642887accf.png]
[content.app-sources.com/s/09340654748078383/uploads/Images/PhotoRoom_20220422_101014-0641205accf.png]
[content.app-sources.com/s/09340654748078383/uploads/Images/CORFICOLOMBIANA_FIDUCIARIA_-0547660accf.jpg]
[content.app-sources.com/s/09340654748078383/uploads/Images/banco-popular-9874045accf.png]
[content.app-sources.com/s/09340654748078383/uploads/Images/Bancolombia-logo-9868559accf.png]
[content.app-sources.com/s/09340654748078383/uploads/Images/Davivienda-Logo-9868789accf.png]
[content.app-sources.com/s/09340654748078383/uploads/Images/Captura-0550082accf.PNG]
[content.app-sources.com/s/09340654748078383/uploads/Images/6349241-01-5435359accf.png]
[content.app-sources.com/s/52630096016555122/uploads/Images/backgroud01-3966928accf.png]
[content.app-sources.com/s/52630096016555122/uploads/Images/Box00-3967161accf.png]
[content.app-sources.com/s/52630096016555122/thumbnails/640x480/Images/Box00-3967161accf.png]
[content.app-sources.com/s/09340654748078383/uploads/Images/LOGO-GRUPO-RIOPAILA-CASTILLA-PNG-1-0719553accf.png]
[content.app-sources.com/s/09340654748078383/thumbnails/640x480/Images/LOGO-GRUPO-RIOPAILA-CASTILLA-PNG-1-0719553accf.png]
[content.app-sources.com/s/09340654748078383/uploads/Images/PhotoRoom_20220425_093825-0897743accf.png]
[content.app-sources.com/s/09340654748078383/uploads/Images/Logo_c.c.c-0897839accf.png]
[content.app-sources.com/s/09340654748078383/uploads/Images/justitia-2638601_960_720-0377419accf.png]
[content.app-sources.com/s/09340654748078383/uploads/Images/CNP-CON_positivo-5514280accf.png]
[content.app-sources.com/s/09340654748078383/thumbnails/640x480/Images/CNP-CON_positivo-5514280accf.png]
[content.app-sources.com/s/09340654748078383/uploads/Images/Brochure-Liquidar_negativo-5514619accf.png]
[content.app-sources.com/s/09340654748078383/thumbnails/640x480/Images/Brochure-Liquidar_negativo-5514619accf.png]
[content.app-sources.com/s/19934789033771971/uploads/Plantilla-lead_magnet/Miniaturas-Candado_Mesa_de_trabajo_1-9396506accf.jpg]
[content.app-sources.com/s/19934789033771971/uploads/Plantilla-lead_magnet/3-MasterTools-Mockup-9396461accf.png]
[content.app-sources.com/s/19934789033771971/uploads/Fondos/2-Plantillas-Salud-9832814accf.jpg]
[content.app-sources.com/s/19934789033771971/uploads/Plantilla-lead_magnet/Lead-Magnet-foto-Plantillas-Salud-9396456accf.png]
[content.app-sources.com/s/19934789033771971/uploads/Fondos/Plantillas-Salud-9832601accf.jpg]
[content.app-sources.com/s/19934789033771971/uploads/Pie_de_pagina/Fondo-9736133accf.jpg]
[content.app-sources.com/s/19934789033771971/uploads/Pie_de_pagina/Logos-cobranding-9736133accf.png]
[content.app-sources.com/s/47724142425688031/uploads/FONDOS/Fondos-06-4566678accf.png]
[content.app-sources.com/s/19934789033771971/uploads/Plantilla-lead_magnet/crashing-Plantillas-Salud-9396452accf.jpg]
[content.app-sources.com/s/19934789033771971/uploads/Plantilla-lead_magnet/Oferta-MasterTools-Mockup-9396462accf.png]
[static.web-repository.com/scripts/i18n/countries/es.js]
[static.web-repository.com/scripts/external/jstz.js]
[static.wixstatic.com/media/a98040_9f6f774ea30e4adba25e059ff1f4b7d0_mv2.gif]
[cnp.com.co/index.html]
[static.web-repository.com/scripts/common/hite648.js]
[static.web-repository.com/images/image-avatar.png]
[static.web-repository.com/images/feed-close.png]
[static.web-repository.com/images/whatsapp-icon.png]
[static.web-repository.com/images/feed-close2-dark.png]
[static.web-repository.com/images/paypal-billing.png]
[dcev90o3tr0bn.cloudfront.net/s/0083928578378921/uploads/Downloaded/img-layout-1-8253148.png]
[dcev90o3tr0bn.cloudfront.net/s/0083928578378921/uploads/Downloaded/img-layout-2-8253148.png]
[dcev90o3tr0bn.cloudfront.net/s/0083928578378921/uploads/Downloaded/reaction-1-8253149.png]
[dcev90o3tr0bn.cloudfront.net/s/0083928578378921/uploads/Downloaded/reaction-2-8253149.png]
[static.web-repository.com/styles/platform.client.mine648.css]
[static.web-repository.com/t/theme25/css/trunk.mine648.css]
[static.web-repository.com/t/theme25/css/trunk-1024.mine648.css]
[static.web-repository.com/t/theme25/css/trunk-768.mine648.css]
[static.web-repository.com/t/theme25/css/trunk-480.mine648.css]
